// Jest Snapshot v1, https://goo.gl/fbAQLP

exports[`renders correctly 1`] = `
<div
  className="bg-gray-200 flex flex-col items-center space-y-10 justify-center h-screen"
>
  <h1
    className="text-3xl font-bold text-purple-500"
  >
    Color in Sync
  </h1>
  <button
    className="bg-gray-100 p-2.5 rounded-md"
    onClick={[Function]}
  >
    Log in with Google
  </button>
  <button
    className="bg-purple-500 text-gray-200 p-3 rounded-md"
  >
    Continue as guest
  </button>
</div>
`;
